python : INFO:jobs.process_j
ob:Starting processing for 
job test_phase6_job (file: 
file://C:\Users\Chiranjeevi 
PK\Desktop\datapilot-ai\tmp_
uploads\test_phase6_job\data
.csv)
At line:1 char:1
+ python 
scripts/test_phase6.py > 
test_output.txt 2>&1
+ ~~~~~~~~~~~~~~~~~~~~~~~~~~
~~~~~~~~~~~~~~~~~~~~~~~~~~
    + CategoryInfo          
    : NotSpecified: (INFO:  
  jobs.proce...6_job\data   
 .csv):String) [], Remot    
eException
    + FullyQualifiedErrorId 
    : NativeCommandError
 
C:\Users\Chiranjeevi PK\Desk
top\datapilot-ai\src\jobs\pr
ocess_job.py:183: 
DeprecationWarning: 
datetime.datetime.utcnow() 
is deprecated and scheduled 
for removal in a future 
version. Use timezone-aware 
objects to represent 
datetimes in UTC: datetime.d
atetime.now(datetime.UTC).
  current['updatedAt'] = dat
etime.utcnow().isoformat() 
+ "Z"
INFO:lib.storage:Ensuring 
local path for 
file://C:\Users\Chiranjeevi 
PK\Desktop\datapilot-ai\tmp_
uploads\test_phase6_job\data
.csv
INFO:jobs.process_job:Detect
ed file type: csv
ERROR:jobs.process_job:Error
 during parsing/extraction: 
[WinError 3] The system 
cannot find the path 
specified: ''
C:\Users\Chiranjeevi PK\Desk
top\datapilot-ai\src\jobs\pr
ocess_job.py:218: 
DeprecationWarning: 
datetime.datetime.utcnow() 
is deprecated and scheduled 
for removal in a future 
version. Use timezone-aware 
objects to represent 
datetimes in UTC: datetime.d
atetime.now(datetime.UTC).
  "processedAt": datetime.ut
cnow().isoformat() + "Z"
INFO:lib.storage:Saved file 
locally for job 
test_phase6_job at 
C:\Users\Chiranjeevi PK\Desk
top\datapilot-ai\tmp_uploads
\test_phase6_job\result.json
C:\Users\Chiranjeevi PK\Desk
top\datapilot-ai\src\jobs\pr
ocess_job.py:190: 
DeprecationWarning: 
datetime.datetime.utcnow() 
is deprecated and scheduled 
for removal in a future 
version. Use timezone-aware 
objects to represent 
datetimes in UTC: datetime.d
atetime.now(datetime.UTC).
  current['updatedAt'] = dat
etime.utcnow().isoformat() 
+ "Z"
FINFO:jobs.process_job:Start
ing processing for job 
test_phase6_job_fail (file: 
file://C:\Users\Chiranjeevi 
PK\Desktop\datapilot-ai\tmp_
uploads\test_phase6_job\data
.csv)
INFO:lib.storage:Ensuring 
local path for 
file://C:\Users\Chiranjeevi 
PK\Desktop\datapilot-ai\tmp_
uploads\test_phase6_job\data
.csv
INFO:jobs.process_job:Detect
ed file type: csv
ERROR:jobs.process_job:Error
 during parsing/extraction: 
[WinError 3] The system 
cannot find the path 
specified: ''
INFO:lib.storage:Saved file 
locally for job 
test_phase6_job_fail at 
C:\Users\Chiranjeevi PK\Desk
top\datapilot-ai\tmp_uploads
\test_phase6_job_fail\result
.json
F
============================
============================
==============
FAIL: 
test_happy_path_mock_llm (__
main__.TestPhase6.test_happy
_path_mock_llm)
----------------------------
----------------------------
--------------
Traceback (most recent call 
last):
  File 
"C:\Users\Chiranjeevi PK\Des
ktop\datapilot-ai\scripts\te
st_phase6.py", line 54, in 
test_happy_path_mock_llm
    self.assertIn("analystIn
sights", result)
    ~~~~~~~~~~~~~^^^^^^^^^^^
^^^^^^^^^^^^^^^^
AssertionError: 
'analystInsights' not found 
in {'jobId': 
'test_phase6_job', 
'fileInfo': {'name': 
'data.csv', 'type': 'csv', 
'rows': 0, 'cols': 0}, 
'schema': [], 'kpis': 
{'rowCount': 0, 'colCount': 
0, 'missingCount': 0}, 
'cleanedPreview': [], 
'chartSpecs': [], 
'qualityScore': 0, 
'issues': ["Parsing error: 
[WinError 3] The system 
cannot find the path 
specified: ''"], 
'text_extract': 'No content 
extracted.', 'processedAt': 
'2025-12-06T09:07:03.043086Z
'}

============================
============================
==============
FAIL: 
test_llm_failure_handling (_
_main__.TestPhase6.test_llm_
failure_handling)
----------------------------
----------------------------
--------------
Traceback (most recent call 
last):
  File 
"C:\Users\Chiranjeevi PK\App
Data\Local\Programs\Python\P
ython313\Lib\unittest\mock.p
y", line 1426, in patched
    return func(*newargs, 
**newkeywargs)
  File 
"C:\Users\Chiranjeevi PK\Des
ktop\datapilot-ai\scripts\te
st_phase6.py", line 87, in 
test_llm_failure_handling
    self.assertIn("analystIn
sights", result)
    ~~~~~~~~~~~~~^^^^^^^^^^^
^^^^^^^^^^^^^^^^
AssertionError: 
'analystInsights' not found 
in {'jobId': 
'test_phase6_job_fail', 
'fileInfo': {'name': 
'data.csv', 'type': 'csv', 
'rows': 0, 'cols': 0}, 
'schema': [], 'kpis': 
{'rowCount': 0, 'colCount': 
0, 'missingCount': 0}, 
'cleanedPreview': [], 
'chartSpecs': [], 
'qualityScore': 0, 
'issues': ["Parsing error: 
[WinError 3] The system 
cannot find the path 
specified: ''"], 
'text_extract': 'No content 
extracted.', 'processedAt': 
'2025-12-06T09:07:03.062732Z
'}

----------------------------
----------------------------
--------------
Ran 2 tests in 0.040s

FAILED (failures=2)

--- Testing Happy Path (Mock LLM) ---

--- Testing Failure Path ---
